#./src/main/resources/Entities.map
#Mon Jun 25 19:02:56 CEST 2018
user3=278
user2=277
user1=276
folderNotificationBox9=374
folderNotificationBox8=369
folderNotificationBox7=364
folderNotificationBox6=359
folderNotificationBox5=354
folderNotificationBox4=349
folderNotificationBox3=344
folderNotificationBox2=339
folderSpamBox111=333
folderNotificationBox1=329
folderInBox9=370
folderInBox8=365
folderInBox7=360
folderInBox6=355
folderInBox5=350
folderInBox4=345
folderInBox3=340
folderInBox2=335
folderInBox1=325
folderInBox111=330
userAccountCustomer4=270
userAccountCustomer3=269
userAccountCustomer2=268
userAccountCustomer1=262
folderTrashBox9=372
followUp5=306
folderTrashBox8=367
followUp4=305
folderTrashBox7=362
followUp3=304
folderTrashBox6=357
followUp2=303
folderTrashBox5=352
followUp1=302
folderTrashBox4=347
folderTrashBox3=342
folderTrashBox2=337
folderTrashBox1=327
folderNotificationBox111=334
admin=274
audit1=283
folderInBox11=380
follower4=320
folderInBox10=375
follower3=319
folderTrashBox11=382
follower2=318
folderTrashBox10=377
follower1=317
folderNotificationBox11=384
folderNotificationBox10=379
userAccountAdmin2=261
folderSpamBox11=383
chirp6=316
folderSpamBox10=378
chirp5=315
chirp4=314
chirp3=313
chirp2=312
chirp1=311
folderOutBox11=381
folderOutBox10=376
customer4=297
customer3=296
customer2=295
userAccountAgent5=267
customer1=294
userAccountAgent4=266
userAccountAgent3=265
folderOutBox9=371
userAccountAgent2=264
folderOutBox8=366
userAccountAgent1=263
folderOutBox7=361
folderOutBox6=356
folderOutBox5=351
userAccountUser3=273
folderOutBox4=346
userAccountUser2=272
folderOutBox3=341
userAccountUser1=271
folderOutBox2=336
folderOutBox1=326
advertisement4=310
advertisement3=309
advertisement2=308
advertisement1=307
newspaper4=282
admin2=275
newspaper3=281
subscription4=301
newspaper2=280
subscription3=300
newspaper1=279
subscription2=299
subscription1=298
article7=290
article6=289
article5=288
article4=287
article3=286
article2=285
article1=284
message2=386
message1=385
agent3=293
folderSpamBox9=373
agent2=292
folderSpamBox8=368
agent1=291
folderSpamBox7=363
folderSpamBox6=358
folderSpamBox5=353
folderSpamBox4=348
folderSpamBox3=343
folderSpamBox2=338
folderSpamBox1=328
folderTrashBox111=332
volume3=323
volume2=322
volume1=321
folderOutBox111=331
userAccountAdmin=260
configuration=324
